Archive member included because of file (symbol)

C:/Program Files/Microchip/MPLAB C32/bin/../lib/gcc/pic32mx/3.4.4/../../../../pic32mx/lib\libc.a(general-exception.o)
                              C:/Program Files/Microchip/MPLAB C32/bin/../lib/gcc/pic32mx/3.4.4/../../../../pic32mx/lib/crt0.o (_general_exception_context)
C:/Program Files/Microchip/MPLAB C32/bin/../lib/gcc/pic32mx/3.4.4/../../../../pic32mx/lib\libc.a(exit.o)
                              C:/Program Files/Microchip/MPLAB C32/bin/../lib/gcc/pic32mx/3.4.4/../../../../pic32mx/lib/crt0.o (exit)
C:/Program Files/Microchip/MPLAB C32/bin/../lib/gcc/pic32mx/3.4.4/../../../../pic32mx/lib\libc.a(_iobdata.o)
                              C:/Program Files/Microchip/MPLAB C32/bin/../lib/gcc/pic32mx/3.4.4/../../../../pic32mx/lib\libc.a(exit.o) (_libc_data)
C:/Program Files/Microchip/MPLAB C32/bin/../lib/gcc/pic32mx/3.4.4/../../../../pic32mx/lib\libc.a(_iobfuncs.o)
                              C:/Program Files/Microchip/MPLAB C32/bin/../lib/gcc/pic32mx/3.4.4/../../../../pic32mx/lib\libc.a(_iobdata.o) (_filbuf_simple)
C:/Program Files/Microchip/MPLAB C32/bin/../lib/gcc/pic32mx/3.4.4/../../../../pic32mx/lib\libc.a(stubs.o)
                              C:/Program Files/Microchip/MPLAB C32/bin/../lib/gcc/pic32mx/3.4.4/../../../../pic32mx/lib\libc.a(exit.o) (pthread_mutex_lock)
C:/Program Files/Microchip/MPLAB C32/bin/../lib/gcc/pic32mx/3.4.4/../../../../pic32mx/lib\libc.a(default-general-exception-handler.o)
                              C:/Program Files/Microchip/MPLAB C32/bin/../lib/gcc/pic32mx/3.4.4/../../../../pic32mx/lib\libc.a(general-exception.o) (_general_exception_handler)
C:/Program Files/Microchip/MPLAB C32/bin/../lib/gcc/pic32mx/3.4.4/../../../../pic32mx/lib\libc.a(default-bootstrap-exception-handler.o)
                              C:/Program Files/Microchip/MPLAB C32/bin/../lib/gcc/pic32mx/3.4.4/../../../../pic32mx/lib/crt0.o (_bootstrap_exception_handler)
C:/Program Files/Microchip/MPLAB C32/bin/../lib/gcc/pic32mx/3.4.4/../../../../pic32mx/lib\libc.a(default-on-reset.o)
                              C:/Program Files/Microchip/MPLAB C32/bin/../lib/gcc/pic32mx/3.4.4/../../../../pic32mx/lib/crt0.o (_on_reset)
C:/Program Files/Microchip/MPLAB C32/bin/../lib/gcc/pic32mx/3.4.4/../../../../pic32mx/lib\libc.a(default-on-bootstrap.o)
                              C:/Program Files/Microchip/MPLAB C32/bin/../lib/gcc/pic32mx/3.4.4/../../../../pic32mx/lib/crt0.o (_on_bootstrap)
C:/Program Files/Microchip/MPLAB C32/bin/../lib/gcc/pic32mx/3.4.4/../../../../pic32mx/lib\libc.a(default-nmi-handler.o)
                              C:/Program Files/Microchip/MPLAB C32/bin/../lib/gcc/pic32mx/3.4.4/../../../../pic32mx/lib/crt0.o (_nmi_handler)
C:/Program Files/Microchip/MPLAB C32/bin/../lib/gcc/pic32mx/3.4.4/../../../../pic32mx/lib\libc.a(_mon_getc.o)
                              C:/Program Files/Microchip/MPLAB C32/bin/../lib/gcc/pic32mx/3.4.4/../../../../pic32mx/lib\libc.a(_iobfuncs.o) (_mon_getc)
C:/Program Files/Microchip/MPLAB C32/bin/../lib/gcc/pic32mx/3.4.4/../../../../pic32mx/lib\libc.a(_mon_write.o)
                              C:/Program Files/Microchip/MPLAB C32/bin/../lib/gcc/pic32mx/3.4.4/../../../../pic32mx/lib\libc.a(_iobfuncs.o) (_mon_write)
C:/Program Files/Microchip/MPLAB C32/bin/../lib/gcc/pic32mx/3.4.4/../../../../pic32mx/lib\libc.a(_exit.o)
                              C:/Program Files/Microchip/MPLAB C32/bin/../lib/gcc/pic32mx/3.4.4/../../../../pic32mx/lib\libc.a(exit.o) (_exit)
C:/Program Files/Microchip/MPLAB C32/bin/../lib/gcc/pic32mx/3.4.4/../../../../pic32mx/lib\libc.a(errno.o)
                              C:/Program Files/Microchip/MPLAB C32/bin/../lib/gcc/pic32mx/3.4.4/../../../../pic32mx/lib\libc.a(_iobfuncs.o) (errno)
C:/Program Files/Microchip/MPLAB C32/bin/../lib/gcc/pic32mx/3.4.4/../../../../pic32mx/lib\libc.a(_mon_putc.o)
                              C:/Program Files/Microchip/MPLAB C32/bin/../lib/gcc/pic32mx/3.4.4/../../../../pic32mx/lib\libc.a(_mon_write.o) (_mon_putc)
C:/Program Files/Microchip/MPLAB C32/bin/../lib/gcc/pic32mx/3.4.4/../../../../pic32mx/lib\libmchp_peripheral.a(int_enable_mv_int_lib.o)
                              kitchentimer.o (INTEnableSystemMultiVectoredInt)
C:/Program Files/Microchip/MPLAB C32/bin/../lib/gcc/pic32mx/3.4.4/../../../../pic32mx/lib\libmchp_peripheral.a(open_core_timer_lib.o)
                              kitchentimer.o (OpenCoreTimer)
C:/Program Files/Microchip/MPLAB C32/bin/../lib/gcc/pic32mx/3.4.4/../../../../pic32mx/lib\libmchp_peripheral.a(update_core_timer_lib.o)
                              kitchentimer.o (UpdateCoreTimer)
C:/Program Files/Microchip/MPLAB C32/bin/../lib/gcc/pic32mx/3.4.4/../../../../pic32mx/lib\libmchp_peripheral.a(int_enable_interrupts_lib.o)
                              C:/Program Files/Microchip/MPLAB C32/bin/../lib/gcc/pic32mx/3.4.4/../../../../pic32mx/lib\libmchp_peripheral.a(int_enable_mv_int_lib.o) (INTEnableInterrupts)

Microchip PIC32 Memory-Usage Report

kseg0 Program-Memory Usage
section                    address  length [bytes]      (dec)  Description
-------                 ----------  -------------------------  -----------
.text                   0x9d000000          0xed4        3796  Application's executable code 
.rodata                 0x9d000ed4           0x30          48  Read-only constant data 
.data                   0x9d000f04           0xf4         244  Data-initialization template 
.sdata                  0x9d000ff8            0xc          12  Small data-initialization template 
      Total kseg0_program_mem used  :      0x1004        4100  0.8% of 0x80000

kseg0 Boot-Memory Usage
section                    address  length [bytes]      (dec)  Description
-------                 ----------  -------------------------  -----------
.startup                0x9fc00490          0x1e0         480  C startup code 
         Total kseg0_boot_mem used  :       0x1e0         480  19.9% of 0x970

Exception-Memory Usage 
section                    address  length [bytes]      (dec)  Description
-------                 ----------  -------------------------  -----------
.app_excpt              0x9fc01180           0x10          16  General-Exception handler 
.vector_0               0x9fc01200            0x8           8  Interrupt Vector 0 
          Total exception_mem used  :        0x18          24  0.6% of 0x1000

kseg1 Boot-Memory Usage
section                    address  length [bytes]      (dec)  Description
-------                 ----------  -------------------------  -----------
.reset                  0xbfc00000           0x10          16  Reset handler 
.bev_excpt              0xbfc00380           0x10          16  BEV-Exception handler 
         Total kseg1_boot_mem used  :        0x20          32  2.7% of 0x490
        --------------------------------------------------------------------------
         Total Program Memory used  :      0x121c        4636  0.9% of 0x81e00
        --------------------------------------------------------------------------


kseg1 Data-Memory Usage
section                    address  length [bytes]      (dec)  Description
-------                 ----------  -------------------------  -----------
.data                   0xa0000200           0xf4         244  Initialized data 
.sdata                  0xa00002f4            0xc          12  Small initialized data 
.sbss                   0xa0000300           0x10          16  Small uninitialized data 
.bss                    0xa0000310          0x10c         268  Uninitialized data 
.stack                  0xa000041c          0x400        1024  Minimum space reserved for stack 
         Total kseg1_data_mem used  :       0x61c        1564  4.8% of 0x8000
        --------------------------------------------------------------------------
            Total Data Memory used  :       0x61c        1564  4.8% of 0x8000
        --------------------------------------------------------------------------

Memory Configuration

Name             Origin             Length             Attributes
kseg0_program_mem 0x9d000000         0x00080000         xr
kseg0_boot_mem   0x9fc00490         0x00000970
exception_mem    0x9fc01000         0x00001000
kseg1_boot_mem   0xbfc00000         0x00000490
debug_exec_mem   0xbfc02000         0x00000ff0
config3          0xbfc02ff0         0x00000004
config2          0xbfc02ff4         0x00000004
config1          0xbfc02ff8         0x00000004
config0          0xbfc02ffc         0x00000004
kseg1_data_mem   0xa0000000         0x00008000         w !x
sfrs             0xbf800000         0x00100000
*default*        0x00000000         0xffffffff

Linker script and memory map

LOAD C:/Program Files/Microchip/MPLAB C32/bin/../lib/gcc/pic32mx/3.4.4/../../../../pic32mx/lib/crt0.o
                0x00000001                _DEBUGGER = 0x1
LOAD kitchentimer.o
                0x00000001                __MPLAB_BUILD = 0x1
                0x00000001                __MPLAB_DEBUG = 0x1
                0x00000001                __MPLAB_DEBUGGER_REAL_ICE = 0x1
                0x00000001                __ICD2RAM = 0x1
LOAD C:/Program Files/Microchip/MPLAB C32/bin/../lib/gcc/pic32mx/3.4.4\libgcc.a
START GROUP
LOAD C:/Program Files/Microchip/MPLAB C32/bin/../lib/gcc/pic32mx/3.4.4/../../../../pic32mx/lib\libc.a
LOAD C:/Program Files/Microchip/MPLAB C32/bin/../lib/gcc/pic32mx/3.4.4/../../../../pic32mx/lib\libm.a
LOAD C:/Program Files/Microchip/MPLAB C32/bin/../lib/gcc/pic32mx/3.4.4/../../../../pic32mx/lib\libe.a
LOAD C:/Program Files/Microchip/MPLAB C32/bin/../lib/gcc/pic32mx/3.4.4/../../../../pic32mx/lib\libdsp.a
LOAD C:/Program Files/Microchip/MPLAB C32/bin/../lib/gcc/pic32mx/3.4.4/../../../../pic32mx/lib\libmchp_peripheral.a
LOAD C:/Program Files/Microchip/MPLAB C32/bin/../lib/gcc/pic32mx/3.4.4/../../../../pic32mx/lib\libmchp_peripheral_32MX360F512L.a
END GROUP
LOAD C:/Program Files/Microchip/MPLAB C32/bin/../lib/gcc/pic32mx/3.4.4\libgcc.a
                0x00000400                PROVIDE (_min_stack_size, 0x400)
                0x00000000                PROVIDE (_min_heap_size, 0x0)
LOAD C:/Program Files/Microchip/MPLAB C32/bin/../lib/gcc/pic32mx/3.4.4/../../../../pic32mx/lib/./proc/32MX360F512L\processor.o
                0x00000001                PROVIDE (_vector_spacing, 0x1)
                0x9fc01000                _ebase_address = 0x9fc01000
                0xbfc00000                _RESET_ADDR = 0xbfc00000
                0xbfc00380                _BEV_EXCPT_ADDR = 0xbfc00380
                0xbfc00480                _DBG_EXCPT_ADDR = 0xbfc00480
                0xbfc02000                _DBG_CODE_ADDR = 0xbfc02000
                0x9fc01180                _GEN_EXCPT_ADDR = (_ebase_address + 0x180)

.config_BFC02FF0
 *(.config_BFC02FF0)

.config_BFC02FF4
                0xbfc02ff4        0x4
 *(.config_BFC02FF4)
 .config_BFC02FF4
                0xbfc02ff4        0x4 kitchentimer.o

.config_BFC02FF8
                0xbfc02ff8        0x4
 *(.config_BFC02FF8)
 .config_BFC02FF8
                0xbfc02ff8        0x4 kitchentimer.o

.config_BFC02FFC
                0xbfc02ffc        0x4
 *(.config_BFC02FFC)
 .config_BFC02FFC
                0xbfc02ffc        0x4 kitchentimer.o

.reset          0xbfc00000       0x10
 *(.reset)
 .reset         0xbfc00000       0x10 C:/Program Files/Microchip/MPLAB C32/bin/../lib/gcc/pic32mx/3.4.4/../../../../pic32mx/lib/crt0.o
                0xbfc00000                _reset

.bev_excpt      0xbfc00380       0x10
 *(.bev_handler)
 .bev_handler   0xbfc00380       0x10 C:/Program Files/Microchip/MPLAB C32/bin/../lib/gcc/pic32mx/3.4.4/../../../../pic32mx/lib/crt0.o

.dbg_excpt      0xbfc00480        0x8
                0xbfc00488                . = (. + DEFINED (_DEBUGGER)?0x8:0x0)
 *fill*         0xbfc00480        0x8 00

.dbg_code       0xbfc02000      0xff0
                0xbfc02ff0                . = (. + DEFINED (_DEBUGGER)?0xff0:0x0)
 *fill*         0xbfc02000      0xff0 00

.app_excpt      0x9fc01180       0x10
 *(.gen_handler)
 .gen_handler   0x9fc01180       0x10 C:/Program Files/Microchip/MPLAB C32/bin/../lib/gcc/pic32mx/3.4.4/../../../../pic32mx/lib/crt0.o

.vector_0       0x9fc01200        0x8
 *(.vector_0)
 .vector_0      0x9fc01200        0x8 kitchentimer.o
                0x00000001                ASSERT (((_vector_spacing == 0x0) || (SIZEOF (.vector_0) <= (_vector_spacing << 0x5))), function at exception vector 0 too large)

.vector_1       0x9fc01220        0x0
 *(.vector_1)
                0x00000001                ASSERT (((_vector_spacing == 0x0) || (SIZEOF (.vector_1) <= (_vector_spacing << 0x5))), function at exception vector 1 too large)

.vector_2       0x9fc01240        0x0
 *(.vector_2)
                0x00000001                ASSERT (((_vector_spacing == 0x0) || (SIZEOF (.vector_2) <= (_vector_spacing << 0x5))), function at exception vector 2 too large)

.vector_3       0x9fc01260        0x0
 *(.vector_3)
                0x00000001                ASSERT (((_vector_spacing == 0x0) || (SIZEOF (.vector_3) <= (_vector_spacing << 0x5))), function at exception vector 3 too large)

.vector_4       0x9fc01280        0x0
 *(.vector_4)
                0x00000001                ASSERT (((_vector_spacing == 0x0) || (SIZEOF (.vector_4) <= (_vector_spacing << 0x5))), function at exception vector 4 too large)

.vector_5       0x9fc012a0        0x0
 *(.vector_5)
                0x00000001                ASSERT (((_vector_spacing == 0x0) || (SIZEOF (.vector_5) <= (_vector_spacing << 0x5))), function at exception vector 5 too large)

.vector_6       0x9fc012c0        0x0
 *(.vector_6)
                0x00000001                ASSERT (((_vector_spacing == 0x0) || (SIZEOF (.vector_6) <= (_vector_spacing << 0x5))), function at exception vector 6 too large)

.vector_7       0x9fc012e0        0x0
 *(.vector_7)
                0x00000001                ASSERT (((_vector_spacing == 0x0) || (SIZEOF (.vector_7) <= (_vector_spacing << 0x5))), function at exception vector 7 too large)

.vector_8       0x9fc01300        0x0
 *(.vector_8)
                0x00000001                ASSERT (((_vector_spacing == 0x0) || (SIZEOF (.vector_8) <= (_vector_spacing << 0x5))), function at exception vector 8 too large)

.vector_9       0x9fc01320        0x0
 *(.vector_9)
                0x00000001                ASSERT (((_vector_spacing == 0x0) || (SIZEOF (.vector_9) <= (_vector_spacing << 0x5))), function at exception vector 9 too large)

.vector_10      0x9fc01340        0x0
 *(.vector_10)
                0x00000001                ASSERT (((_vector_spacing == 0x0) || (SIZEOF (.vector_10) <= (_vector_spacing << 0x5))), function at exception vector 10 too large)

.vector_11      0x9fc01360        0x0
 *(.vector_11)
                0x00000001                ASSERT (((_vector_spacing == 0x0) || (SIZEOF (.vector_11) <= (_vector_spacing << 0x5))), function at exception vector 11 too large)

.vector_12      0x9fc01380        0x0
 *(.vector_12)
                0x00000001                ASSERT (((_vector_spacing == 0x0) || (SIZEOF (.vector_12) <= (_vector_spacing << 0x5))), function at exception vector 12 too large)

.vector_13      0x9fc013a0        0x0
 *(.vector_13)
                0x00000001                ASSERT (((_vector_spacing == 0x0) || (SIZEOF (.vector_13) <= (_vector_spacing << 0x5))), function at exception vector 13 too large)

.vector_14      0x9fc013c0        0x0
 *(.vector_14)
                0x00000001                ASSERT (((_vector_spacing == 0x0) || (SIZEOF (.vector_14) <= (_vector_spacing << 0x5))), function at exception vector 14 too large)

.vector_15      0x9fc013e0        0x0
 *(.vector_15)
                0x00000001                ASSERT (((_vector_spacing == 0x0) || (SIZEOF (.vector_15) <= (_vector_spacing << 0x5))), function at exception vector 15 too large)

.vector_16      0x9fc01400        0x0
 *(.vector_16)
                0x00000001                ASSERT (((_vector_spacing == 0x0) || (SIZEOF (.vector_16) <= (_vector_spacing << 0x5))), function at exception vector 16 too large)

.vector_17      0x9fc01420        0x0
 *(.vector_17)
                0x00000001                ASSERT (((_vector_spacing == 0x0) || (SIZEOF (.vector_17) <= (_vector_spacing << 0x5))), function at exception vector 17 too large)

.vector_18      0x9fc01440        0x0
 *(.vector_18)
                0x00000001                ASSERT (((_vector_spacing == 0x0) || (SIZEOF (.vector_18) <= (_vector_spacing << 0x5))), function at exception vector 18 too large)

.vector_19      0x9fc01460        0x0
 *(.vector_19)
                0x00000001                ASSERT (((_vector_spacing == 0x0) || (SIZEOF (.vector_19) <= (_vector_spacing << 0x5))), function at exception vector 19 too large)

.vector_20      0x9fc01480        0x0
 *(.vector_20)
                0x00000001                ASSERT (((_vector_spacing == 0x0) || (SIZEOF (.vector_20) <= (_vector_spacing << 0x5))), function at exception vector 20 too large)

.vector_21      0x9fc014a0        0x0
 *(.vector_21)
                0x00000001                ASSERT (((_vector_spacing == 0x0) || (SIZEOF (.vector_21) <= (_vector_spacing << 0x5))), function at exception vector 21 too large)

.vector_22      0x9fc014c0        0x0
 *(.vector_22)
                0x00000001                ASSERT (((_vector_spacing == 0x0) || (SIZEOF (.vector_22) <= (_vector_spacing << 0x5))), function at exception vector 22 too large)

.vector_23      0x9fc014e0        0x0
 *(.vector_23)
                0x00000001                ASSERT (((_vector_spacing == 0x0) || (SIZEOF (.vector_23) <= (_vector_spacing << 0x5))), function at exception vector 23 too large)

.vector_24      0x9fc01500        0x0
 *(.vector_24)
                0x00000001                ASSERT (((_vector_spacing == 0x0) || (SIZEOF (.vector_24) <= (_vector_spacing << 0x5))), function at exception vector 24 too large)

.vector_25      0x9fc01520        0x0
 *(.vector_25)
                0x00000001                ASSERT (((_vector_spacing == 0x0) || (SIZEOF (.vector_25) <= (_vector_spacing << 0x5))), function at exception vector 25 too large)

.vector_26      0x9fc01540        0x0
 *(.vector_26)
                0x00000001                ASSERT (((_vector_spacing == 0x0) || (SIZEOF (.vector_26) <= (_vector_spacing << 0x5))), function at exception vector 26 too large)

.vector_27      0x9fc01560        0x0
 *(.vector_27)
                0x00000001                ASSERT (((_vector_spacing == 0x0) || (SIZEOF (.vector_27) <= (_vector_spacing << 0x5))), function at exception vector 27 too large)

.vector_28      0x9fc01580        0x0
 *(.vector_28)
                0x00000001                ASSERT (((_vector_spacing == 0x0) || (SIZEOF (.vector_28) <= (_vector_spacing << 0x5))), function at exception vector 28 too large)

.vector_29      0x9fc015a0        0x0
 *(.vector_29)
                0x00000001                ASSERT (((_vector_spacing == 0x0) || (SIZEOF (.vector_29) <= (_vector_spacing << 0x5))), function at exception vector 29 too large)

.vector_30      0x9fc015c0        0x0
 *(.vector_30)
                0x00000001                ASSERT (((_vector_spacing == 0x0) || (SIZEOF (.vector_30) <= (_vector_spacing << 0x5))), function at exception vector 30 too large)

.vector_31      0x9fc015e0        0x0
 *(.vector_31)
                0x00000001                ASSERT (((_vector_spacing == 0x0) || (SIZEOF (.vector_31) <= (_vector_spacing << 0x5))), function at exception vector 31 too large)

.vector_32      0x9fc01600        0x0
 *(.vector_32)
                0x00000001                ASSERT (((_vector_spacing == 0x0) || (SIZEOF (.vector_32) <= (_vector_spacing << 0x5))), function at exception vector 32 too large)

.vector_33      0x9fc01620        0x0
 *(.vector_33)
                0x00000001                ASSERT (((_vector_spacing == 0x0) || (SIZEOF (.vector_33) <= (_vector_spacing << 0x5))), function at exception vector 33 too large)

.vector_34      0x9fc01640        0x0
 *(.vector_34)
                0x00000001                ASSERT (((_vector_spacing == 0x0) || (SIZEOF (.vector_34) <= (_vector_spacing << 0x5))), function at exception vector 34 too large)

.vector_35      0x9fc01660        0x0
 *(.vector_35)
                0x00000001                ASSERT (((_vector_spacing == 0x0) || (SIZEOF (.vector_35) <= (_vector_spacing << 0x5))), function at exception vector 35 too large)

.vector_36      0x9fc01680        0x0
 *(.vector_36)
                0x00000001                ASSERT (((_vector_spacing == 0x0) || (SIZEOF (.vector_36) <= (_vector_spacing << 0x5))), function at exception vector 36 too large)

.vector_37      0x9fc016a0        0x0
 *(.vector_37)
                0x00000001                ASSERT (((_vector_spacing == 0x0) || (SIZEOF (.vector_37) <= (_vector_spacing << 0x5))), function at exception vector 37 too large)

.vector_38      0x9fc016c0        0x0
 *(.vector_38)
                0x00000001                ASSERT (((_vector_spacing == 0x0) || (SIZEOF (.vector_38) <= (_vector_spacing << 0x5))), function at exception vector 38 too large)

.vector_39      0x9fc016e0        0x0
 *(.vector_39)
                0x00000001                ASSERT (((_vector_spacing == 0x0) || (SIZEOF (.vector_39) <= (_vector_spacing << 0x5))), function at exception vector 39 too large)

.vector_40      0x9fc01700        0x0
 *(.vector_40)
                0x00000001                ASSERT (((_vector_spacing == 0x0) || (SIZEOF (.vector_40) <= (_vector_spacing << 0x5))), function at exception vector 40 too large)

.vector_41      0x9fc01720        0x0
 *(.vector_41)
                0x00000001                ASSERT (((_vector_spacing == 0x0) || (SIZEOF (.vector_41) <= (_vector_spacing << 0x5))), function at exception vector 41 too large)

.vector_42      0x9fc01740        0x0
 *(.vector_42)
                0x00000001                ASSERT (((_vector_spacing == 0x0) || (SIZEOF (.vector_42) <= (_vector_spacing << 0x5))), function at exception vector 42 too large)

.vector_43      0x9fc01760        0x0
 *(.vector_43)
                0x00000001                ASSERT (((_vector_spacing == 0x0) || (SIZEOF (.vector_43) <= (_vector_spacing << 0x5))), function at exception vector 43 too large)

.vector_44      0x9fc01780        0x0
 *(.vector_44)
                0x00000001                ASSERT (((_vector_spacing == 0x0) || (SIZEOF (.vector_44) <= (_vector_spacing << 0x5))), function at exception vector 44 too large)

.vector_45      0x9fc017a0        0x0
 *(.vector_45)
                0x00000001                ASSERT (((_vector_spacing == 0x0) || (SIZEOF (.vector_45) <= (_vector_spacing << 0x5))), function at exception vector 45 too large)

.vector_46      0x9fc017c0        0x0
 *(.vector_46)
                0x00000001                ASSERT (((_vector_spacing == 0x0) || (SIZEOF (.vector_46) <= (_vector_spacing << 0x5))), function at exception vector 46 too large)

.vector_47      0x9fc017e0        0x0
 *(.vector_47)
                0x00000001                ASSERT (((_vector_spacing == 0x0) || (SIZEOF (.vector_47) <= (_vector_spacing << 0x5))), function at exception vector 47 too large)

.vector_48      0x9fc01800        0x0
 *(.vector_48)
                0x00000001                ASSERT (((_vector_spacing == 0x0) || (SIZEOF (.vector_48) <= (_vector_spacing << 0x5))), function at exception vector 48 too large)

.vector_49      0x9fc01820        0x0
 *(.vector_49)
                0x00000001                ASSERT (((_vector_spacing == 0x0) || (SIZEOF (.vector_49) <= (_vector_spacing << 0x5))), function at exception vector 49 too large)

.vector_50      0x9fc01840        0x0
 *(.vector_50)
                0x00000001                ASSERT (((_vector_spacing == 0x0) || (SIZEOF (.vector_50) <= (_vector_spacing << 0x5))), function at exception vector 50 too large)

.vector_51      0x9fc01860        0x0
 *(.vector_51)
                0x00000001                ASSERT (((_vector_spacing == 0x0) || (SIZEOF (.vector_51) <= (_vector_spacing << 0x5))), function at exception vector 51 too large)

.vector_52      0x9fc01880        0x0
 *(.vector_52)
                0x00000001                ASSERT (((_vector_spacing == 0x0) || (SIZEOF (.vector_52) <= (_vector_spacing << 0x5))), function at exception vector 52 too large)

.vector_53      0x9fc018a0        0x0
 *(.vector_53)
                0x00000001                ASSERT (((_vector_spacing == 0x0) || (SIZEOF (.vector_53) <= (_vector_spacing << 0x5))), function at exception vector 53 too large)

.vector_54      0x9fc018c0        0x0
 *(.vector_54)
                0x00000001                ASSERT (((_vector_spacing == 0x0) || (SIZEOF (.vector_54) <= (_vector_spacing << 0x5))), function at exception vector 54 too large)

.vector_55      0x9fc018e0        0x0
 *(.vector_55)
                0x00000001                ASSERT (((_vector_spacing == 0x0) || (SIZEOF (.vector_55) <= (_vector_spacing << 0x5))), function at exception vector 55 too large)

.vector_56      0x9fc01900        0x0
 *(.vector_56)
                0x00000001                ASSERT (((_vector_spacing == 0x0) || (SIZEOF (.vector_56) <= (_vector_spacing << 0x5))), function at exception vector 56 too large)

.vector_57      0x9fc01920        0x0
 *(.vector_57)
                0x00000001                ASSERT (((_vector_spacing == 0x0) || (SIZEOF (.vector_57) <= (_vector_spacing << 0x5))), function at exception vector 57 too large)

.vector_58      0x9fc01940        0x0
 *(.vector_58)
                0x00000001                ASSERT (((_vector_spacing == 0x0) || (SIZEOF (.vector_58) <= (_vector_spacing << 0x5))), function at exception vector 58 too large)

.vector_59      0x9fc01960        0x0
 *(.vector_59)
                0x00000001                ASSERT (((_vector_spacing == 0x0) || (SIZEOF (.vector_59) <= (_vector_spacing << 0x5))), function at exception vector 59 too large)

.vector_60      0x9fc01980        0x0
 *(.vector_60)
                0x00000001                ASSERT (((_vector_spacing == 0x0) || (SIZEOF (.vector_60) <= (_vector_spacing << 0x5))), function at exception vector 60 too large)

.vector_61      0x9fc019a0        0x0
 *(.vector_61)
                0x00000001                ASSERT (((_vector_spacing == 0x0) || (SIZEOF (.vector_61) <= (_vector_spacing << 0x5))), function at exception vector 61 too large)

.vector_62      0x9fc019c0        0x0
 *(.vector_62)
                0x00000001                ASSERT (((_vector_spacing == 0x0) || (SIZEOF (.vector_62) <= (_vector_spacing << 0x5))), function at exception vector 62 too large)

.vector_63      0x9fc019e0        0x0
 *(.vector_63)
                0x00000001                ASSERT (((_vector_spacing == 0x0) || (SIZEOF (.vector_63) <= (_vector_spacing << 0x5))), function at exception vector 63 too large)

.startup        0x9fc00490      0x1e0
 *(.startup)
 .startup       0x9fc00490      0x1e0 C:/Program Files/Microchip/MPLAB C32/bin/../lib/gcc/pic32mx/3.4.4/../../../../pic32mx/lib/crt0.o

.text           0x9d000000      0xed4
                0x9d000000                _text_begin = .
 *(.text .stub .text.* .gnu.linkonce.t.*)
 .text          0x9d000000       0x18 C:/Program Files/Microchip/MPLAB C32/bin/../lib/gcc/pic32mx/3.4.4/../../../../pic32mx/lib/crt0.o
 .text          0x9d000018      0x920 kitchentimer.o
                0x9d0007a0                keyin
                0x9d000864                debounce
                0x9d0005fc                rowpress
                0x9d000514                intrpt_setup
                0x9d0005a0                port_setup
                0x9d000018                main
                0x9d0008ac                flash
                0x9d000104                CoreTimerIntHandler
 .text.general_exception
                0x9d000938       0xd0 C:/Program Files/Microchip/MPLAB C32/bin/../lib/gcc/pic32mx/3.4.4/../../../../pic32mx/lib\libc.a(general-exception.o)
                0x9d000938                _general_exception_context
 .text.exit     0x9d000a08       0x9c C:/Program Files/Microchip/MPLAB C32/bin/../lib/gcc/pic32mx/3.4.4/../../../../pic32mx/lib\libc.a(exit.o)
                0x9d000a08                exit
 .text._filbuf_simple
                0x9d000aa4       0x48 C:/Program Files/Microchip/MPLAB C32/bin/../lib/gcc/pic32mx/3.4.4/../../../../pic32mx/lib\libc.a(_iobfuncs.o)
                0x9d000aa4                _filbuf_simple
 .text._fflush_simple
                0x9d000aec       0x6c C:/Program Files/Microchip/MPLAB C32/bin/../lib/gcc/pic32mx/3.4.4/../../../../pic32mx/lib\libc.a(_iobfuncs.o)
                0x9d000aec                _fflush_simple
 .text._flsbuf_simple
                0x9d000b58       0xdc C:/Program Files/Microchip/MPLAB C32/bin/../lib/gcc/pic32mx/3.4.4/../../../../pic32mx/lib\libc.a(_iobfuncs.o)
                0x9d000b58                _flsbuf_simple
 .text._fwrite_simple
                0x9d000c34       0x84 C:/Program Files/Microchip/MPLAB C32/bin/../lib/gcc/pic32mx/3.4.4/../../../../pic32mx/lib\libc.a(_iobfuncs.o)
                0x9d000c34                _fwrite_simple
 .text._fsync_simple
                0x9d000cb8       0x34 C:/Program Files/Microchip/MPLAB C32/bin/../lib/gcc/pic32mx/3.4.4/../../../../pic32mx/lib\libc.a(_iobfuncs.o)
                0x9d000cb8                _fsync_simple
 .text._weak_pthread_mutex_init
                0x9d000cec        0x8 C:/Program Files/Microchip/MPLAB C32/bin/../lib/gcc/pic32mx/3.4.4/../../../../pic32mx/lib\libc.a(stubs.o)
                0x9d000cec                _weak_pthread_mutex_init
                0x9d000cec                pthread_mutex_init
 .text._weak_pthread_mutex_destroy
                0x9d000cf4        0x8 C:/Program Files/Microchip/MPLAB C32/bin/../lib/gcc/pic32mx/3.4.4/../../../../pic32mx/lib\libc.a(stubs.o)
                0x9d000cf4                _weak_pthread_mutex_destroy
                0x9d000cf4                pthread_mutex_destroy
 .text._weak_pthread_mutex_lock
                0x9d000cfc        0x8 C:/Program Files/Microchip/MPLAB C32/bin/../lib/gcc/pic32mx/3.4.4/../../../../pic32mx/lib\libc.a(stubs.o)
                0x9d000cfc                _weak_pthread_mutex_lock
                0x9d000cfc                pthread_mutex_lock
 .text._weak_pthread_mutex_trylock
                0x9d000d04        0x8 C:/Program Files/Microchip/MPLAB C32/bin/../lib/gcc/pic32mx/3.4.4/../../../../pic32mx/lib\libc.a(stubs.o)
                0x9d000d04                _weak_pthread_mutex_trylock
                0x9d000d04                pthread_mutex_trylock
 .text._weak_pthread_mutex_unlock
                0x9d000d0c        0x8 C:/Program Files/Microchip/MPLAB C32/bin/../lib/gcc/pic32mx/3.4.4/../../../../pic32mx/lib\libc.a(stubs.o)
                0x9d000d0c                _weak_pthread_mutex_unlock
                0x9d000d0c                pthread_mutex_unlock
 .text._weak_pthread_mutex_setname_np
                0x9d000d14        0x8 C:/Program Files/Microchip/MPLAB C32/bin/../lib/gcc/pic32mx/3.4.4/../../../../pic32mx/lib\libc.a(stubs.o)
                0x9d000d14                pthread_mutex_setname_np
                0x9d000d14                _weak_pthread_mutex_setname_np
 .text._weak_pthread_mutexattr_init
                0x9d000d1c        0x8 C:/Program Files/Microchip/MPLAB C32/bin/../lib/gcc/pic32mx/3.4.4/../../../../pic32mx/lib\libc.a(stubs.o)
                0x9d000d1c                _weak_pthread_mutexattr_init
                0x9d000d1c                pthread_mutexattr_init
 .text._weak_pthread_mutexattr_destroy
                0x9d000d24        0x8 C:/Program Files/Microchip/MPLAB C32/bin/../lib/gcc/pic32mx/3.4.4/../../../../pic32mx/lib\libc.a(stubs.o)
                0x9d000d24                pthread_mutexattr_destroy
                0x9d000d24                _weak_pthread_mutexattr_destroy
 .text._weak_pthread_mutexattr_setname_np
                0x9d000d2c        0x8 C:/Program Files/Microchip/MPLAB C32/bin/../lib/gcc/pic32mx/3.4.4/../../../../pic32mx/lib\libc.a(stubs.o)
                0x9d000d2c                _weak_pthread_mutexattr_setname_np
                0x9d000d2c                pthread_mutexattr_setname_np
 .text._weak_pthread_mutexattr_settype_np
                0x9d000d34        0x8 C:/Program Files/Microchip/MPLAB C32/bin/../lib/gcc/pic32mx/3.4.4/../../../../pic32mx/lib\libc.a(stubs.o)
                0x9d000d34                _weak_pthread_mutexattr_settype_np
                0x9d000d34                pthread_mutexattr_settype_np
 .text._weak_pthread_sysconf_np
                0x9d000d3c        0x8 C:/Program Files/Microchip/MPLAB C32/bin/../lib/gcc/pic32mx/3.4.4/../../../../pic32mx/lib\libc.a(stubs.o)
                0x9d000d3c                _weak_pthread_sysconf_np
                0x9d000d3c                pthread_sysconf_np
 .text._weak_pthread_sigdisable_np
                0x9d000d44        0x8 C:/Program Files/Microchip/MPLAB C32/bin/../lib/gcc/pic32mx/3.4.4/../../../../pic32mx/lib\libc.a(stubs.o)
                0x9d000d44                _weak_pthread_sigdisable_np
                0x9d000d44                pthread_sigdisable_np
 .text._weak_pthread_sigrestore_np
                0x9d000d4c        0x8 C:/Program Files/Microchip/MPLAB C32/bin/../lib/gcc/pic32mx/3.4.4/../../../../pic32mx/lib\libc.a(stubs.o)
                0x9d000d4c                pthread_sigrestore_np
                0x9d000d4c                _weak_pthread_sigrestore_np
 .text._weak__pthread_cleanup_push
                0x9d000d54        0x8 C:/Program Files/Microchip/MPLAB C32/bin/../lib/gcc/pic32mx/3.4.4/../../../../pic32mx/lib\libc.a(stubs.o)
                0x9d000d54                _weak__pthread_cleanup_push
                0x9d000d54                _pthread_cleanup_push
 .text._weak__pthread_cleanup_pop
                0x9d000d5c        0x8 C:/Program Files/Microchip/MPLAB C32/bin/../lib/gcc/pic32mx/3.4.4/../../../../pic32mx/lib\libc.a(stubs.o)
                0x9d000d5c                _pthread_cleanup_pop
                0x9d000d5c                _weak__pthread_cleanup_pop
 .text._weak__pthread_cleanup_push_defer
                0x9d000d64        0x8 C:/Program Files/Microchip/MPLAB C32/bin/../lib/gcc/pic32mx/3.4.4/../../../../pic32mx/lib\libc.a(stubs.o)
                0x9d000d64                _weak__pthread_cleanup_push_defer
                0x9d000d64                _pthread_cleanup_push_defer
 .text._weak__pthread_cleanup_pop_restore
                0x9d000d6c        0x8 C:/Program Files/Microchip/MPLAB C32/bin/../lib/gcc/pic32mx/3.4.4/../../../../pic32mx/lib\libc.a(stubs.o)
                0x9d000d6c                _pthread_cleanup_pop_restore
                0x9d000d6c                _weak__pthread_cleanup_pop_restore
 .text._weak_pthread_once
                0x9d000d74       0x2c C:/Program Files/Microchip/MPLAB C32/bin/../lib/gcc/pic32mx/3.4.4/../../../../pic32mx/lib\libc.a(stubs.o)
                0x9d000d74                _weak_pthread_once
                0x9d000d74                pthread_once
                0x9d000d74                _pthread_once
 .text._weak_pthread_key_create
                0x9d000da0        0x8 C:/Program Files/Microchip/MPLAB C32/bin/../lib/gcc/pic32mx/3.4.4/../../../../pic32mx/lib\libc.a(stubs.o)
                0x9d000da0                pthread_key_create
                0x9d000da0                _weak_pthread_key_create
 .text._weak_pthread_setspecific
                0x9d000da8        0x8 C:/Program Files/Microchip/MPLAB C32/bin/../lib/gcc/pic32mx/3.4.4/../../../../pic32mx/lib\libc.a(stubs.o)
                0x9d000da8                _weak_pthread_setspecific
                0x9d000da8                pthread_setspecific
 .text._weak_pthread_getspecific
                0x9d000db0        0x8 C:/Program Files/Microchip/MPLAB C32/bin/../lib/gcc/pic32mx/3.4.4/../../../../pic32mx/lib\libc.a(stubs.o)
                0x9d000db0                pthread_getspecific
                0x9d000db0                _weak_pthread_getspecific
 .text._weak__libc_private_storage
                0x9d000db8        0x8 C:/Program Files/Microchip/MPLAB C32/bin/../lib/gcc/pic32mx/3.4.4/../../../../pic32mx/lib\libc.a(stubs.o)
                0x9d000db8                _libc_private_storage
                0x9d000db8                _weak__libc_private_storage
 .text._general_exception_handler
                0x9d000dc0        0x8 C:/Program Files/Microchip/MPLAB C32/bin/../lib/gcc/pic32mx/3.4.4/../../../../pic32mx/lib\libc.a(default-general-exception-handler.o)
                0x9d000dc0                _general_exception_handler
 .text._bootstrap_exception_handler
                0x9d000dc8        0x8 C:/Program Files/Microchip/MPLAB C32/bin/../lib/gcc/pic32mx/3.4.4/../../../../pic32mx/lib\libc.a(default-bootstrap-exception-handler.o)
                0x9d000dc8                _bootstrap_exception_handler
 .text._on_reset
                0x9d000dd0        0x8 C:/Program Files/Microchip/MPLAB C32/bin/../lib/gcc/pic32mx/3.4.4/../../../../pic32mx/lib\libc.a(default-on-reset.o)
                0x9d000dd0                _on_reset
 .text._on_bootstrap
                0x9d000dd8        0x8 C:/Program Files/Microchip/MPLAB C32/bin/../lib/gcc/pic32mx/3.4.4/../../../../pic32mx/lib\libc.a(default-on-bootstrap.o)
                0x9d000dd8                _on_bootstrap
 .text          0x9d000de0       0x18 C:/Program Files/Microchip/MPLAB C32/bin/../lib/gcc/pic32mx/3.4.4/../../../../pic32mx/lib\libc.a(default-nmi-handler.o)
                0x9d000de0                _nmi_handler
 .text._mon_getc
                0x9d000df8        0x8 C:/Program Files/Microchip/MPLAB C32/bin/../lib/gcc/pic32mx/3.4.4/../../../../pic32mx/lib\libc.a(_mon_getc.o)
                0x9d000df8                _mon_getc
 .text._mon_write
                0x9d000e00       0x4c C:/Program Files/Microchip/MPLAB C32/bin/../lib/gcc/pic32mx/3.4.4/../../../../pic32mx/lib\libc.a(_mon_write.o)
                0x9d000e00                _mon_write
 .text._exit    0x9d000e4c        0x8 C:/Program Files/Microchip/MPLAB C32/bin/../lib/gcc/pic32mx/3.4.4/../../../../pic32mx/lib\libc.a(_exit.o)
                0x9d000e4c                _exit
 .text._mon_putc
                0x9d000e54       0x28 C:/Program Files/Microchip/MPLAB C32/bin/../lib/gcc/pic32mx/3.4.4/../../../../pic32mx/lib\libc.a(_mon_putc.o)
                0x9d000e54                _mon_putc
 .text.INTEnableSystemMultiVectoredInt
                0x9d000e7c       0x34 C:/Program Files/Microchip/MPLAB C32/bin/../lib/gcc/pic32mx/3.4.4/../../../../pic32mx/lib\libmchp_peripheral.a(int_enable_mv_int_lib.o)
                0x9d000e7c                INTEnableSystemMultiVectoredInt
 .text.OpenCoreTimer
                0x9d000eb0        0xc C:/Program Files/Microchip/MPLAB C32/bin/../lib/gcc/pic32mx/3.4.4/../../../../pic32mx/lib\libmchp_peripheral.a(open_core_timer_lib.o)
                0x9d000eb0                OpenCoreTimer
 .text.UpdateCoreTimer
                0x9d000ebc       0x10 C:/Program Files/Microchip/MPLAB C32/bin/../lib/gcc/pic32mx/3.4.4/../../../../pic32mx/lib\libmchp_peripheral.a(update_core_timer_lib.o)
                0x9d000ebc                UpdateCoreTimer
 .text.INTEnableInterrupts
                0x9d000ecc        0x8 C:/Program Files/Microchip/MPLAB C32/bin/../lib/gcc/pic32mx/3.4.4/../../../../pic32mx/lib\libmchp_peripheral.a(int_enable_interrupts_lib.o)
                0x9d000ecc                INTEnableInterrupts
 *(.text.*personality*)
 *(.gnu.warning)
 *(.mips16.fn.*)
 *(.mips16.call.*)
                0x9d000ed4                _text_end = .

.rodata         0x9d000ed4       0x30
 *(.rodata .rodata.* .gnu.linkonce.r.*)
 .rodata        0x9d000ed4       0x1c kitchentimer.o
                0x9d000ee0                char_map
                0x9d000ed4                keypad_to_7seg
 .rodata        0x9d000ef0       0x14 C:/Program Files/Microchip/MPLAB C32/bin/../lib/gcc/pic32mx/3.4.4/../../../../pic32mx/lib\libc.a(_iobdata.o)
                0x9d000ef0                _io_funcs
 *(.rodata1)
                0x9d000f04                . = ALIGN (0x4)

.sdata2         0x9d000f04        0x0
 *(.sdata2 .sdata2.* .gnu.linkonce.s2.*)
                0x9d000f04                . = ALIGN (0x4)

.sbss2          0x9d000f04        0x0
 *(.sbss2 .sbss2.* .gnu.linkonce.sb2.*)
                0x9d000f04                . = ALIGN (0x4)

.eh_frame_hdr
 *(.eh_frame_hdr)

.eh_frame
 *(.eh_frame)

.dbg_data       0xa0000000      0x200
                0xa0000200                . = (. + DEFINED (_DEBUGGER)?0x200:0x0)
 *fill*         0xa0000000      0x200 00

.data           0xa0000200       0xf4 load address 0x9d000f04
                0xa0000200                _data_begin = .
 *(.data .data.* .gnu.linkonce.d.*)
 .data          0xa0000200       0x20 C:/Program Files/Microchip/MPLAB C32/bin/../lib/gcc/pic32mx/3.4.4/../../../../pic32mx/lib\libc.a(exit.o)
                0xa0000200                __exfun_mx
 .data          0xa0000220       0xd4 C:/Program Files/Microchip/MPLAB C32/bin/../lib/gcc/pic32mx/3.4.4/../../../../pic32mx/lib\libc.a(_iobdata.o)
 *(.gnu.linkonce.d.*personality*)
 *(.data1)
                0x9d000f04                _data_image_begin = LOADADDR (.data)

.eh_frame
 *(.eh_frame)
                0xa00082f0                _gp = (ALIGN (0x10) + 0x7ff0)

.got
 *(.got.plt)
 *(.got)

.sdata          0xa00002f4        0xc load address 0x9d000ff8
                0xa00002f4                _sdata_begin = .
 *(.sdata .sdata.* .gnu.linkonce.s.*)
 .sdata         0xa00002f4        0x8 kitchentimer.o
                0xa00002f8                debounce_flag
                0xa00002f9                setrun_flag
                0xa00002f4                delayCounter
                0xa00002fa                keyPressValue
 .sdata         0xa00002fc        0x4 C:/Program Files/Microchip/MPLAB C32/bin/../lib/gcc/pic32mx/3.4.4/../../../../pic32mx/lib\libc.a(_iobdata.o)
                0xa00002fc                _libc_data
                0xa0000300                _sdata_end = .

.lit8
 *(.lit8)

.lit4
 *(.lit4)
                0xa0000300                . = ALIGN (0x4)
                0xa0000300                _data_end = .
                0xa0000300                _bss_begin = .

.sbss           0xa0000300       0x10
                0xa0000300                _sbss_begin = .
 *(.dynsbss)
 *(.sbss .sbss.* .gnu.linkonce.sb.*)
 .sbss          0xa0000300        0xc kitchentimer.o
                0xa0000304                intrpt_ctr
                0xa0000308                alarm_flg
                0xa0000300                seven_seg_vals
 .sbss          0xa000030c        0x4 C:/Program Files/Microchip/MPLAB C32/bin/../lib/gcc/pic32mx/3.4.4/../../../../pic32mx/lib\libc.a(errno.o)
                0xa000030c                errno
 *(.scommon)
                0xa0000310                _sbss_end = .

.bss            0xa0000310      0x10c
 *(.dynbss)
 *(.bss .bss.* .gnu.linkonce.b.*)
 .bss           0xa0000310       0x88 C:/Program Files/Microchip/MPLAB C32/bin/../lib/gcc/pic32mx/3.4.4/../../../../pic32mx/lib\libc.a(_iobdata.o)
 .bss           0xa0000398       0x80 C:/Program Files/Microchip/MPLAB C32/bin/../lib/gcc/pic32mx/3.4.4/../../../../pic32mx/lib\libc.a(_iobfuncs.o)
 .bss           0xa0000418        0x4 C:/Program Files/Microchip/MPLAB C32/bin/../lib/gcc/pic32mx/3.4.4/../../../../pic32mx/lib\libc.a(stubs.o)
                0xa0000418                __isthreaded
 *(COMMON)
                0xa000041c                . = ALIGN (0x4)
                0xa000041c                . = ALIGN (0x4)
                0xa000041c                _end = .
                0xa000041c                _bss_end = .

.heap           0xa000041c        0x0
                0xa000041c                _heap = .
                0xa000041c                . = (. + _min_heap_size)

.stack          0xa000041c      0x400
                0xa000081c                . = (. + _min_stack_size)
 *fill*         0xa000041c      0x400 00

.ramfunc        0xa0001000        0x0 load address 0x9d001004
                0xa0001000                _ramfunc_begin = .
 *(.ramfunc .ramfunc.*)
                0xa0001000                . = ALIGN (0x4)
                0xa0001000                _ramfunc_end = .
                0x9d001004                _ramfunc_image_begin = LOADADDR (.ramfunc)
                0x00000000                _ramfunc_length = SIZEOF (.ramfunc)
                0x00001000                _bmxdkpba_address = (_ramfunc_begin - 0xa0000000)
                0x00008000                _bmxdudba_address = 0x8000
                0x00008000                _bmxdupba_address = 0x8000
                0xa0008000                _stack = (_ramfunc_length > 0x0)?(_ramfunc_begin - 0x4):0xa0008000
                0x00000001                ASSERT (((_min_stack_size + _min_heap_size) <= (_stack - _heap)), Not enough space to allocate both stack and heap.  Reduce heap and/or stack size.)

.pdr            0x00000000      0x700
 *(.pdr)
 .pdr           0x00000000       0xa0 C:/Program Files/Microchip/MPLAB C32/bin/../lib/gcc/pic32mx/3.4.4/../../../../pic32mx/lib/crt0.o
 .pdr           0x000000a0      0x120 kitchentimer.o
 .pdr           0x000001c0       0x20 C:/Program Files/Microchip/MPLAB C32/bin/../lib/gcc/pic32mx/3.4.4/../../../../pic32mx/lib\libc.a(general-exception.o)
 .pdr           0x000001e0       0x20 C:/Program Files/Microchip/MPLAB C32/bin/../lib/gcc/pic32mx/3.4.4/../../../../pic32mx/lib\libc.a(exit.o)
 .pdr           0x00000200       0xa0 C:/Program Files/Microchip/MPLAB C32/bin/../lib/gcc/pic32mx/3.4.4/../../../../pic32mx/lib\libc.a(_iobfuncs.o)
 .pdr           0x000002a0      0x2c0 C:/Program Files/Microchip/MPLAB C32/bin/../lib/gcc/pic32mx/3.4.4/../../../../pic32mx/lib\libc.a(stubs.o)
 .pdr           0x00000560       0x20 C:/Program Files/Microchip/MPLAB C32/bin/../lib/gcc/pic32mx/3.4.4/../../../../pic32mx/lib\libc.a(default-general-exception-handler.o)
 .pdr           0x00000580       0x20 C:/Program Files/Microchip/MPLAB C32/bin/../lib/gcc/pic32mx/3.4.4/../../../../pic32mx/lib\libc.a(default-bootstrap-exception-handler.o)
 .pdr           0x000005a0       0x20 C:/Program Files/Microchip/MPLAB C32/bin/../lib/gcc/pic32mx/3.4.4/../../../../pic32mx/lib\libc.a(default-on-reset.o)
 .pdr           0x000005c0       0x20 C:/Program Files/Microchip/MPLAB C32/bin/../lib/gcc/pic32mx/3.4.4/../../../../pic32mx/lib\libc.a(default-on-bootstrap.o)
 .pdr           0x000005e0       0x20 C:/Program Files/Microchip/MPLAB C32/bin/../lib/gcc/pic32mx/3.4.4/../../../../pic32mx/lib\libc.a(default-nmi-handler.o)
 .pdr           0x00000600       0x20 C:/Program Files/Microchip/MPLAB C32/bin/../lib/gcc/pic32mx/3.4.4/../../../../pic32mx/lib\libc.a(_mon_getc.o)
 .pdr           0x00000620       0x20 C:/Program Files/Microchip/MPLAB C32/bin/../lib/gcc/pic32mx/3.4.4/../../../../pic32mx/lib\libc.a(_mon_write.o)
 .pdr           0x00000640       0x20 C:/Program Files/Microchip/MPLAB C32/bin/../lib/gcc/pic32mx/3.4.4/../../../../pic32mx/lib\libc.a(_exit.o)
 .pdr           0x00000660       0x20 C:/Program Files/Microchip/MPLAB C32/bin/../lib/gcc/pic32mx/3.4.4/../../../../pic32mx/lib\libc.a(_mon_putc.o)
 .pdr           0x00000680       0x20 C:/Program Files/Microchip/MPLAB C32/bin/../lib/gcc/pic32mx/3.4.4/../../../../pic32mx/lib\libmchp_peripheral.a(int_enable_mv_int_lib.o)
 .pdr           0x000006a0       0x20 C:/Program Files/Microchip/MPLAB C32/bin/../lib/gcc/pic32mx/3.4.4/../../../../pic32mx/lib\libmchp_peripheral.a(open_core_timer_lib.o)
 .pdr           0x000006c0       0x20 C:/Program Files/Microchip/MPLAB C32/bin/../lib/gcc/pic32mx/3.4.4/../../../../pic32mx/lib\libmchp_peripheral.a(update_core_timer_lib.o)
 .pdr           0x000006e0       0x20 C:/Program Files/Microchip/MPLAB C32/bin/../lib/gcc/pic32mx/3.4.4/../../../../pic32mx/lib\libmchp_peripheral.a(int_enable_interrupts_lib.o)

.reginfo        0x00000000       0x18
 *(.reginfo)
 .reginfo       0x00000000       0x18 C:/Program Files/Microchip/MPLAB C32/bin/../lib/gcc/pic32mx/3.4.4/../../../../pic32mx/lib/crt0.o

.stab
 *(.stab)

.stabstr
 *(.stabstr)

.stab.excl
 *(.stab.excl)

.stab.exclstr
 *(.stab.exclstr)

.stab.index
 *(.stab.index)

.stab.indexstr
 *(.stab.indexstr)

.comment        0x00000000      0x6fa
 *(.comment)
 .comment       0x00000000       0x4d kitchentimer.o
 .comment       0x0000004d       0x9a C:/Program Files/Microchip/MPLAB C32/bin/../lib/gcc/pic32mx/3.4.4/../../../../pic32mx/lib\libc.a(exit.o)
 .comment       0x000000e7       0xa0 C:/Program Files/Microchip/MPLAB C32/bin/../lib/gcc/pic32mx/3.4.4/../../../../pic32mx/lib\libc.a(_iobdata.o)
 .comment       0x00000187       0xa1 C:/Program Files/Microchip/MPLAB C32/bin/../lib/gcc/pic32mx/3.4.4/../../../../pic32mx/lib\libc.a(_iobfuncs.o)
 .comment       0x00000228       0x9b C:/Program Files/Microchip/MPLAB C32/bin/../lib/gcc/pic32mx/3.4.4/../../../../pic32mx/lib\libc.a(stubs.o)
 .comment       0x000002c3       0x4d C:/Program Files/Microchip/MPLAB C32/bin/../lib/gcc/pic32mx/3.4.4/../../../../pic32mx/lib\libc.a(default-general-exception-handler.o)
 .comment       0x00000310       0x4d C:/Program Files/Microchip/MPLAB C32/bin/../lib/gcc/pic32mx/3.4.4/../../../../pic32mx/lib\libc.a(default-bootstrap-exception-handler.o)
 .comment       0x0000035d       0x4d C:/Program Files/Microchip/MPLAB C32/bin/../lib/gcc/pic32mx/3.4.4/../../../../pic32mx/lib\libc.a(default-on-reset.o)
 .comment       0x000003aa       0x4d C:/Program Files/Microchip/MPLAB C32/bin/../lib/gcc/pic32mx/3.4.4/../../../../pic32mx/lib\libc.a(default-on-bootstrap.o)
 .comment       0x000003f7       0x4d C:/Program Files/Microchip/MPLAB C32/bin/../lib/gcc/pic32mx/3.4.4/../../../../pic32mx/lib\libc.a(_mon_getc.o)
 .comment       0x00000444       0x4d C:/Program Files/Microchip/MPLAB C32/bin/../lib/gcc/pic32mx/3.4.4/../../../../pic32mx/lib\libc.a(_mon_write.o)
 .comment       0x00000491       0x4d C:/Program Files/Microchip/MPLAB C32/bin/../lib/gcc/pic32mx/3.4.4/../../../../pic32mx/lib\libc.a(_exit.o)
 .comment       0x000004de       0x9b C:/Program Files/Microchip/MPLAB C32/bin/../lib/gcc/pic32mx/3.4.4/../../../../pic32mx/lib\libc.a(errno.o)
 .comment       0x00000579       0x4d C:/Program Files/Microchip/MPLAB C32/bin/../lib/gcc/pic32mx/3.4.4/../../../../pic32mx/lib\libc.a(_mon_putc.o)
 .comment       0x000005c6       0x4d C:/Program Files/Microchip/MPLAB C32/bin/../lib/gcc/pic32mx/3.4.4/../../../../pic32mx/lib\libmchp_peripheral.a(int_enable_mv_int_lib.o)
 .comment       0x00000613       0x4d C:/Program Files/Microchip/MPLAB C32/bin/../lib/gcc/pic32mx/3.4.4/../../../../pic32mx/lib\libmchp_peripheral.a(open_core_timer_lib.o)
 .comment       0x00000660       0x4d C:/Program Files/Microchip/MPLAB C32/bin/../lib/gcc/pic32mx/3.4.4/../../../../pic32mx/lib\libmchp_peripheral.a(update_core_timer_lib.o)
 .comment       0x000006ad       0x4d C:/Program Files/Microchip/MPLAB C32/bin/../lib/gcc/pic32mx/3.4.4/../../../../pic32mx/lib\libmchp_peripheral.a(int_enable_interrupts_lib.o)

.debug
 *(.debug)

.line
 *(.line)

.debug_srcinfo
 *(.debug_srcinfo)

.debug_sfnames
 *(.debug_sfnames)

.debug_aranges  0x00000000      0x340
 *(.debug_aranges)
 .debug_aranges
                0x00000000       0x20 kitchentimer.o
 .debug_aranges
                0x00000020       0x28 C:/Program Files/Microchip/MPLAB C32/bin/../lib/gcc/pic32mx/3.4.4/../../../../pic32mx/lib\libc.a(exit.o)
 .debug_aranges
                0x00000048       0x48 C:/Program Files/Microchip/MPLAB C32/bin/../lib/gcc/pic32mx/3.4.4/../../../../pic32mx/lib\libc.a(_iobfuncs.o)
 .debug_aranges
                0x00000090       0xd0 C:/Program Files/Microchip/MPLAB C32/bin/../lib/gcc/pic32mx/3.4.4/../../../../pic32mx/lib\libc.a(stubs.o)
 .debug_aranges
                0x00000160       0x28 C:/Program Files/Microchip/MPLAB C32/bin/../lib/gcc/pic32mx/3.4.4/../../../../pic32mx/lib\libc.a(default-general-exception-handler.o)
 .debug_aranges
                0x00000188       0x28 C:/Program Files/Microchip/MPLAB C32/bin/../lib/gcc/pic32mx/3.4.4/../../../../pic32mx/lib\libc.a(default-bootstrap-exception-handler.o)
 .debug_aranges
                0x000001b0       0x28 C:/Program Files/Microchip/MPLAB C32/bin/../lib/gcc/pic32mx/3.4.4/../../../../pic32mx/lib\libc.a(default-on-reset.o)
 .debug_aranges
                0x000001d8       0x28 C:/Program Files/Microchip/MPLAB C32/bin/../lib/gcc/pic32mx/3.4.4/../../../../pic32mx/lib\libc.a(default-on-bootstrap.o)
 .debug_aranges
                0x00000200       0x28 C:/Program Files/Microchip/MPLAB C32/bin/../lib/gcc/pic32mx/3.4.4/../../../../pic32mx/lib\libc.a(_mon_getc.o)
 .debug_aranges
                0x00000228       0x28 C:/Program Files/Microchip/MPLAB C32/bin/../lib/gcc/pic32mx/3.4.4/../../../../pic32mx/lib\libc.a(_mon_write.o)
 .debug_aranges
                0x00000250       0x28 C:/Program Files/Microchip/MPLAB C32/bin/../lib/gcc/pic32mx/3.4.4/../../../../pic32mx/lib\libc.a(_exit.o)
 .debug_aranges
                0x00000278       0x28 C:/Program Files/Microchip/MPLAB C32/bin/../lib/gcc/pic32mx/3.4.4/../../../../pic32mx/lib\libc.a(_mon_putc.o)
 .debug_aranges
                0x000002a0       0x28 C:/Program Files/Microchip/MPLAB C32/bin/../lib/gcc/pic32mx/3.4.4/../../../../pic32mx/lib\libmchp_peripheral.a(int_enable_mv_int_lib.o)
 .debug_aranges
                0x000002c8       0x28 C:/Program Files/Microchip/MPLAB C32/bin/../lib/gcc/pic32mx/3.4.4/../../../../pic32mx/lib\libmchp_peripheral.a(open_core_timer_lib.o)
 .debug_aranges
                0x000002f0       0x28 C:/Program Files/Microchip/MPLAB C32/bin/../lib/gcc/pic32mx/3.4.4/../../../../pic32mx/lib\libmchp_peripheral.a(update_core_timer_lib.o)
 .debug_aranges
                0x00000318       0x28 C:/Program Files/Microchip/MPLAB C32/bin/../lib/gcc/pic32mx/3.4.4/../../../../pic32mx/lib\libmchp_peripheral.a(int_enable_interrupts_lib.o)

.debug_pubnames
                0x00000000      0x64a
 *(.debug_pubnames)
 .debug_pubnames
                0x00000000      0x116 kitchentimer.o
 .debug_pubnames
                0x00000116       0x1b C:/Program Files/Microchip/MPLAB C32/bin/../lib/gcc/pic32mx/3.4.4/../../../../pic32mx/lib\libc.a(exit.o)
 .debug_pubnames
                0x00000131       0x70 C:/Program Files/Microchip/MPLAB C32/bin/../lib/gcc/pic32mx/3.4.4/../../../../pic32mx/lib\libc.a(_iobfuncs.o)
 .debug_pubnames
                0x000001a1      0x2da C:/Program Files/Microchip/MPLAB C32/bin/../lib/gcc/pic32mx/3.4.4/../../../../pic32mx/lib\libc.a(stubs.o)
 .debug_pubnames
                0x0000047b       0x31 C:/Program Files/Microchip/MPLAB C32/bin/../lib/gcc/pic32mx/3.4.4/../../../../pic32mx/lib\libc.a(default-general-exception-handler.o)
 .debug_pubnames
                0x000004ac       0x33 C:/Program Files/Microchip/MPLAB C32/bin/../lib/gcc/pic32mx/3.4.4/../../../../pic32mx/lib\libc.a(default-bootstrap-exception-handler.o)
 .debug_pubnames
                0x000004df       0x20 C:/Program Files/Microchip/MPLAB C32/bin/../lib/gcc/pic32mx/3.4.4/../../../../pic32mx/lib\libc.a(default-on-reset.o)
 .debug_pubnames
                0x000004ff       0x24 C:/Program Files/Microchip/MPLAB C32/bin/../lib/gcc/pic32mx/3.4.4/../../../../pic32mx/lib\libc.a(default-on-bootstrap.o)
 .debug_pubnames
                0x00000523       0x20 C:/Program Files/Microchip/MPLAB C32/bin/../lib/gcc/pic32mx/3.4.4/../../../../pic32mx/lib\libc.a(_mon_getc.o)
 .debug_pubnames
                0x00000543       0x21 C:/Program Files/Microchip/MPLAB C32/bin/../lib/gcc/pic32mx/3.4.4/../../../../pic32mx/lib\libc.a(_mon_write.o)
 .debug_pubnames
                0x00000564       0x1c C:/Program Files/Microchip/MPLAB C32/bin/../lib/gcc/pic32mx/3.4.4/../../../../pic32mx/lib\libc.a(_exit.o)
 .debug_pubnames
                0x00000580       0x20 C:/Program Files/Microchip/MPLAB C32/bin/../lib/gcc/pic32mx/3.4.4/../../../../pic32mx/lib\libc.a(_mon_putc.o)
 .debug_pubnames
                0x000005a0       0x36 C:/Program Files/Microchip/MPLAB C32/bin/../lib/gcc/pic32mx/3.4.4/../../../../pic32mx/lib\libmchp_peripheral.a(int_enable_mv_int_lib.o)
 .debug_pubnames
                0x000005d6       0x24 C:/Program Files/Microchip/MPLAB C32/bin/../lib/gcc/pic32mx/3.4.4/../../../../pic32mx/lib\libmchp_peripheral.a(open_core_timer_lib.o)
 .debug_pubnames
                0x000005fa       0x26 C:/Program Files/Microchip/MPLAB C32/bin/../lib/gcc/pic32mx/3.4.4/../../../../pic32mx/lib\libmchp_peripheral.a(update_core_timer_lib.o)
 .debug_pubnames
                0x00000620       0x2a C:/Program Files/Microchip/MPLAB C32/bin/../lib/gcc/pic32mx/3.4.4/../../../../pic32mx/lib\libmchp_peripheral.a(int_enable_interrupts_lib.o)

.debug_info     0x00000000      0xb45
 *(.debug_info .gnu.linkonce.wi.*)
 .debug_info    0x00000000      0x6b3 kitchentimer.o
 .debug_info    0x000006b3       0x30 C:/Program Files/Microchip/MPLAB C32/bin/../lib/gcc/pic32mx/3.4.4/../../../../pic32mx/lib\libc.a(exit.o)
 .debug_info    0x000006e3       0x78 C:/Program Files/Microchip/MPLAB C32/bin/../lib/gcc/pic32mx/3.4.4/../../../../pic32mx/lib\libc.a(_iobfuncs.o)
 .debug_info    0x0000075b      0x1aa C:/Program Files/Microchip/MPLAB C32/bin/../lib/gcc/pic32mx/3.4.4/../../../../pic32mx/lib\libc.a(stubs.o)
 .debug_info    0x00000905       0x30 C:/Program Files/Microchip/MPLAB C32/bin/../lib/gcc/pic32mx/3.4.4/../../../../pic32mx/lib\libc.a(default-general-exception-handler.o)
 .debug_info    0x00000935       0x30 C:/Program Files/Microchip/MPLAB C32/bin/../lib/gcc/pic32mx/3.4.4/../../../../pic32mx/lib\libc.a(default-bootstrap-exception-handler.o)
 .debug_info    0x00000965       0x30 C:/Program Files/Microchip/MPLAB C32/bin/../lib/gcc/pic32mx/3.4.4/../../../../pic32mx/lib\libc.a(default-on-reset.o)
 .debug_info    0x00000995       0x30 C:/Program Files/Microchip/MPLAB C32/bin/../lib/gcc/pic32mx/3.4.4/../../../../pic32mx/lib\libc.a(default-on-bootstrap.o)
 .debug_info    0x000009c5       0x30 C:/Program Files/Microchip/MPLAB C32/bin/../lib/gcc/pic32mx/3.4.4/../../../../pic32mx/lib\libc.a(_mon_getc.o)
 .debug_info    0x000009f5       0x30 C:/Program Files/Microchip/MPLAB C32/bin/../lib/gcc/pic32mx/3.4.4/../../../../pic32mx/lib\libc.a(_mon_write.o)
 .debug_info    0x00000a25       0x30 C:/Program Files/Microchip/MPLAB C32/bin/../lib/gcc/pic32mx/3.4.4/../../../../pic32mx/lib\libc.a(_exit.o)
 .debug_info    0x00000a55       0x30 C:/Program Files/Microchip/MPLAB C32/bin/../lib/gcc/pic32mx/3.4.4/../../../../pic32mx/lib\libc.a(_mon_putc.o)
 .debug_info    0x00000a85       0x30 C:/Program Files/Microchip/MPLAB C32/bin/../lib/gcc/pic32mx/3.4.4/../../../../pic32mx/lib\libmchp_peripheral.a(int_enable_mv_int_lib.o)
 .debug_info    0x00000ab5       0x30 C:/Program Files/Microchip/MPLAB C32/bin/../lib/gcc/pic32mx/3.4.4/../../../../pic32mx/lib\libmchp_peripheral.a(open_core_timer_lib.o)
 .debug_info    0x00000ae5       0x30 C:/Program Files/Microchip/MPLAB C32/bin/../lib/gcc/pic32mx/3.4.4/../../../../pic32mx/lib\libmchp_peripheral.a(update_core_timer_lib.o)
 .debug_info    0x00000b15       0x30 C:/Program Files/Microchip/MPLAB C32/bin/../lib/gcc/pic32mx/3.4.4/../../../../pic32mx/lib\libmchp_peripheral.a(int_enable_interrupts_lib.o)

.debug_abbrev   0x00000000      0x347
 *(.debug_abbrev)
 .debug_abbrev  0x00000000      0x138 kitchentimer.o
 .debug_abbrev  0x00000138       0x23 C:/Program Files/Microchip/MPLAB C32/bin/../lib/gcc/pic32mx/3.4.4/../../../../pic32mx/lib\libc.a(exit.o)
 .debug_abbrev  0x0000015b        0x1 C:/Program Files/Microchip/MPLAB C32/bin/../lib/gcc/pic32mx/3.4.4/../../../../pic32mx/lib\libc.a(_iobdata.o)
 .debug_abbrev  0x0000015c       0x23 C:/Program Files/Microchip/MPLAB C32/bin/../lib/gcc/pic32mx/3.4.4/../../../../pic32mx/lib\libc.a(_iobfuncs.o)
 .debug_abbrev  0x0000017f       0x23 C:/Program Files/Microchip/MPLAB C32/bin/../lib/gcc/pic32mx/3.4.4/../../../../pic32mx/lib\libc.a(stubs.o)
 .debug_abbrev  0x000001a2       0x23 C:/Program Files/Microchip/MPLAB C32/bin/../lib/gcc/pic32mx/3.4.4/../../../../pic32mx/lib\libc.a(default-general-exception-handler.o)
 .debug_abbrev  0x000001c5       0x23 C:/Program Files/Microchip/MPLAB C32/bin/../lib/gcc/pic32mx/3.4.4/../../../../pic32mx/lib\libc.a(default-bootstrap-exception-handler.o)
 .debug_abbrev  0x000001e8       0x23 C:/Program Files/Microchip/MPLAB C32/bin/../lib/gcc/pic32mx/3.4.4/../../../../pic32mx/lib\libc.a(default-on-reset.o)
 .debug_abbrev  0x0000020b       0x23 C:/Program Files/Microchip/MPLAB C32/bin/../lib/gcc/pic32mx/3.4.4/../../../../pic32mx/lib\libc.a(default-on-bootstrap.o)
 .debug_abbrev  0x0000022e       0x23 C:/Program Files/Microchip/MPLAB C32/bin/../lib/gcc/pic32mx/3.4.4/../../../../pic32mx/lib\libc.a(_mon_getc.o)
 .debug_abbrev  0x00000251       0x23 C:/Program Files/Microchip/MPLAB C32/bin/../lib/gcc/pic32mx/3.4.4/../../../../pic32mx/lib\libc.a(_mon_write.o)
 .debug_abbrev  0x00000274       0x23 C:/Program Files/Microchip/MPLAB C32/bin/../lib/gcc/pic32mx/3.4.4/../../../../pic32mx/lib\libc.a(_exit.o)
 .debug_abbrev  0x00000297        0x1 C:/Program Files/Microchip/MPLAB C32/bin/../lib/gcc/pic32mx/3.4.4/../../../../pic32mx/lib\libc.a(errno.o)
 .debug_abbrev  0x00000298       0x23 C:/Program Files/Microchip/MPLAB C32/bin/../lib/gcc/pic32mx/3.4.4/../../../../pic32mx/lib\libc.a(_mon_putc.o)
 .debug_abbrev  0x000002bb       0x23 C:/Program Files/Microchip/MPLAB C32/bin/../lib/gcc/pic32mx/3.4.4/../../../../pic32mx/lib\libmchp_peripheral.a(int_enable_mv_int_lib.o)
 .debug_abbrev  0x000002de       0x23 C:/Program Files/Microchip/MPLAB C32/bin/../lib/gcc/pic32mx/3.4.4/../../../../pic32mx/lib\libmchp_peripheral.a(open_core_timer_lib.o)
 .debug_abbrev  0x00000301       0x23 C:/Program Files/Microchip/MPLAB C32/bin/../lib/gcc/pic32mx/3.4.4/../../../../pic32mx/lib\libmchp_peripheral.a(update_core_timer_lib.o)
 .debug_abbrev  0x00000324       0x23 C:/Program Files/Microchip/MPLAB C32/bin/../lib/gcc/pic32mx/3.4.4/../../../../pic32mx/lib\libmchp_peripheral.a(int_enable_interrupts_lib.o)

.debug_line     0x00000000      0xa22
 *(.debug_line)
 .debug_line    0x00000000      0x168 kitchentimer.o
 .debug_line    0x00000168       0x83 C:/Program Files/Microchip/MPLAB C32/bin/../lib/gcc/pic32mx/3.4.4/../../../../pic32mx/lib\libc.a(exit.o)
 .debug_line    0x000001eb       0x8a C:/Program Files/Microchip/MPLAB C32/bin/../lib/gcc/pic32mx/3.4.4/../../../../pic32mx/lib\libc.a(_iobfuncs.o)
 .debug_line    0x00000275       0x86 C:/Program Files/Microchip/MPLAB C32/bin/../lib/gcc/pic32mx/3.4.4/../../../../pic32mx/lib\libc.a(stubs.o)
 .debug_line    0x000002fb       0xa2 C:/Program Files/Microchip/MPLAB C32/bin/../lib/gcc/pic32mx/3.4.4/../../../../pic32mx/lib\libc.a(default-general-exception-handler.o)
 .debug_line    0x0000039d       0xa4 C:/Program Files/Microchip/MPLAB C32/bin/../lib/gcc/pic32mx/3.4.4/../../../../pic32mx/lib\libc.a(default-bootstrap-exception-handler.o)
 .debug_line    0x00000441       0x91 C:/Program Files/Microchip/MPLAB C32/bin/../lib/gcc/pic32mx/3.4.4/../../../../pic32mx/lib\libc.a(default-on-reset.o)
 .debug_line    0x000004d2       0x95 C:/Program Files/Microchip/MPLAB C32/bin/../lib/gcc/pic32mx/3.4.4/../../../../pic32mx/lib\libc.a(default-on-bootstrap.o)
 .debug_line    0x00000567       0x8a C:/Program Files/Microchip/MPLAB C32/bin/../lib/gcc/pic32mx/3.4.4/../../../../pic32mx/lib\libc.a(_mon_getc.o)
 .debug_line    0x000005f1       0x8b C:/Program Files/Microchip/MPLAB C32/bin/../lib/gcc/pic32mx/3.4.4/../../../../pic32mx/lib\libc.a(_mon_write.o)
 .debug_line    0x0000067c       0x86 C:/Program Files/Microchip/MPLAB C32/bin/../lib/gcc/pic32mx/3.4.4/../../../../pic32mx/lib\libc.a(_exit.o)
 .debug_line    0x00000702       0x8a C:/Program Files/Microchip/MPLAB C32/bin/../lib/gcc/pic32mx/3.4.4/../../../../pic32mx/lib\libc.a(_mon_putc.o)
 .debug_line    0x0000078c       0xa4 C:/Program Files/Microchip/MPLAB C32/bin/../lib/gcc/pic32mx/3.4.4/../../../../pic32mx/lib\libmchp_peripheral.a(int_enable_mv_int_lib.o)
 .debug_line    0x00000830       0xa4 C:/Program Files/Microchip/MPLAB C32/bin/../lib/gcc/pic32mx/3.4.4/../../../../pic32mx/lib\libmchp_peripheral.a(open_core_timer_lib.o)
 .debug_line    0x000008d4       0xa6 C:/Program Files/Microchip/MPLAB C32/bin/../lib/gcc/pic32mx/3.4.4/../../../../pic32mx/lib\libmchp_peripheral.a(update_core_timer_lib.o)
 .debug_line    0x0000097a       0xa8 C:/Program Files/Microchip/MPLAB C32/bin/../lib/gcc/pic32mx/3.4.4/../../../../pic32mx/lib\libmchp_peripheral.a(int_enable_interrupts_lib.o)

.debug_frame    0x00000000      0x4fc
 *(.debug_frame)
 .debug_frame   0x00000000      0x120 kitchentimer.o
 .debug_frame   0x00000120       0x34 C:/Program Files/Microchip/MPLAB C32/bin/../lib/gcc/pic32mx/3.4.4/../../../../pic32mx/lib\libc.a(exit.o)
 .debug_frame   0x00000154       0x98 C:/Program Files/Microchip/MPLAB C32/bin/../lib/gcc/pic32mx/3.4.4/../../../../pic32mx/lib\libc.a(_iobfuncs.o)
 .debug_frame   0x000001ec      0x178 C:/Program Files/Microchip/MPLAB C32/bin/../lib/gcc/pic32mx/3.4.4/../../../../pic32mx/lib\libc.a(stubs.o)
 .debug_frame   0x00000364       0x20 C:/Program Files/Microchip/MPLAB C32/bin/../lib/gcc/pic32mx/3.4.4/../../../../pic32mx/lib\libc.a(default-general-exception-handler.o)
 .debug_frame   0x00000384       0x20 C:/Program Files/Microchip/MPLAB C32/bin/../lib/gcc/pic32mx/3.4.4/../../../../pic32mx/lib\libc.a(default-bootstrap-exception-handler.o)
 .debug_frame   0x000003a4       0x20 C:/Program Files/Microchip/MPLAB C32/bin/../lib/gcc/pic32mx/3.4.4/../../../../pic32mx/lib\libc.a(default-on-reset.o)
 .debug_frame   0x000003c4       0x20 C:/Program Files/Microchip/MPLAB C32/bin/../lib/gcc/pic32mx/3.4.4/../../../../pic32mx/lib\libc.a(default-on-bootstrap.o)
 .debug_frame   0x000003e4       0x20 C:/Program Files/Microchip/MPLAB C32/bin/../lib/gcc/pic32mx/3.4.4/../../../../pic32mx/lib\libc.a(_mon_getc.o)
 .debug_frame   0x00000404       0x30 C:/Program Files/Microchip/MPLAB C32/bin/../lib/gcc/pic32mx/3.4.4/../../../../pic32mx/lib\libc.a(_mon_write.o)
 .debug_frame   0x00000434       0x20 C:/Program Files/Microchip/MPLAB C32/bin/../lib/gcc/pic32mx/3.4.4/../../../../pic32mx/lib\libc.a(_exit.o)
 .debug_frame   0x00000454       0x20 C:/Program Files/Microchip/MPLAB C32/bin/../lib/gcc/pic32mx/3.4.4/../../../../pic32mx/lib\libc.a(_mon_putc.o)
 .debug_frame   0x00000474       0x28 C:/Program Files/Microchip/MPLAB C32/bin/../lib/gcc/pic32mx/3.4.4/../../../../pic32mx/lib\libmchp_peripheral.a(int_enable_mv_int_lib.o)
 .debug_frame   0x0000049c       0x20 C:/Program Files/Microchip/MPLAB C32/bin/../lib/gcc/pic32mx/3.4.4/../../../../pic32mx/lib\libmchp_peripheral.a(open_core_timer_lib.o)
 .debug_frame   0x000004bc       0x20 C:/Program Files/Microchip/MPLAB C32/bin/../lib/gcc/pic32mx/3.4.4/../../../../pic32mx/lib\libmchp_peripheral.a(update_core_timer_lib.o)
 .debug_frame   0x000004dc       0x20 C:/Program Files/Microchip/MPLAB C32/bin/../lib/gcc/pic32mx/3.4.4/../../../../pic32mx/lib\libmchp_peripheral.a(int_enable_interrupts_lib.o)

.debug_str      0x00000000      0xae1
 *(.debug_str)
 .debug_str     0x00000000       0x12 kitchentimer.o
 .debug_str     0x00000012       0xad C:/Program Files/Microchip/MPLAB C32/bin/../lib/gcc/pic32mx/3.4.4/../../../../pic32mx/lib\libc.a(exit.o)
                                 0xb2 (size before relaxing)
 .debug_str     0x000000bf       0xb7 C:/Program Files/Microchip/MPLAB C32/bin/../lib/gcc/pic32mx/3.4.4/../../../../pic32mx/lib\libc.a(_iobfuncs.o)
                                 0xfe (size before relaxing)
 .debug_str     0x00000176      0x2d9 C:/Program Files/Microchip/MPLAB C32/bin/../lib/gcc/pic32mx/3.4.4/../../../../pic32mx/lib\libc.a(stubs.o)
                                0x320 (size before relaxing)
 .debug_str     0x0000044f       0xa0 C:/Program Files/Microchip/MPLAB C32/bin/../lib/gcc/pic32mx/3.4.4/../../../../pic32mx/lib\libc.a(default-general-exception-handler.o)
                                 0xe7 (size before relaxing)
 .debug_str     0x000004ef       0xa4 C:/Program Files/Microchip/MPLAB C32/bin/../lib/gcc/pic32mx/3.4.4/../../../../pic32mx/lib\libc.a(default-bootstrap-exception-handler.o)
                                 0xeb (size before relaxing)
 .debug_str     0x00000593       0x7e C:/Program Files/Microchip/MPLAB C32/bin/../lib/gcc/pic32mx/3.4.4/../../../../pic32mx/lib\libc.a(default-on-reset.o)
                                 0xc5 (size before relaxing)
 .debug_str     0x00000611       0x86 C:/Program Files/Microchip/MPLAB C32/bin/../lib/gcc/pic32mx/3.4.4/../../../../pic32mx/lib\libc.a(default-on-bootstrap.o)
                                 0xcd (size before relaxing)
 .debug_str     0x00000697       0x77 C:/Program Files/Microchip/MPLAB C32/bin/../lib/gcc/pic32mx/3.4.4/../../../../pic32mx/lib\libc.a(_mon_getc.o)
                                 0xbe (size before relaxing)
 .debug_str     0x0000070e       0x79 C:/Program Files/Microchip/MPLAB C32/bin/../lib/gcc/pic32mx/3.4.4/../../../../pic32mx/lib\libc.a(_mon_write.o)
                                 0xc0 (size before relaxing)
 .debug_str     0x00000787       0x6f C:/Program Files/Microchip/MPLAB C32/bin/../lib/gcc/pic32mx/3.4.4/../../../../pic32mx/lib\libc.a(_exit.o)
                                 0xb6 (size before relaxing)
 .debug_str     0x000007f6       0x77 C:/Program Files/Microchip/MPLAB C32/bin/../lib/gcc/pic32mx/3.4.4/../../../../pic32mx/lib\libc.a(_mon_putc.o)
                                 0xbe (size before relaxing)
 .debug_str     0x0000086d       0xa7 C:/Program Files/Microchip/MPLAB C32/bin/../lib/gcc/pic32mx/3.4.4/../../../../pic32mx/lib\libmchp_peripheral.a(int_enable_mv_int_lib.o)
                                 0xee (size before relaxing)
 .debug_str     0x00000914       0x95 C:/Program Files/Microchip/MPLAB C32/bin/../lib/gcc/pic32mx/3.4.4/../../../../pic32mx/lib\libmchp_peripheral.a(open_core_timer_lib.o)
                                 0xdc (size before relaxing)
 .debug_str     0x000009a9       0x99 C:/Program Files/Microchip/MPLAB C32/bin/../lib/gcc/pic32mx/3.4.4/../../../../pic32mx/lib\libmchp_peripheral.a(update_core_timer_lib.o)
                                 0xe0 (size before relaxing)
 .debug_str     0x00000a42       0x9f C:/Program Files/Microchip/MPLAB C32/bin/../lib/gcc/pic32mx/3.4.4/../../../../pic32mx/lib\libmchp_peripheral.a(int_enable_interrupts_lib.o)
                                 0xe6 (size before relaxing)

.debug_loc
 *(.debug_loc)

.debug_macinfo
 *(.debug_macinfo)

.debug_weaknames
 *(.debug_weaknames)

.debug_funcnames
 *(.debug_funcnames)

.debug_typenames
 *(.debug_typenames)

.debug_varnames
 *(.debug_varnames)

/DISCARD/
 *(.note.GNU-stack)
OUTPUT(kitchentimer.elf elf32-tradlittlemips)

.mdebug.abi32   0x9d001004        0x0

.rel.dyn        0x9d001004        0x0
